[    0.000000] Linux version 4.15.0-91-generic (buildd@lgw01-amd64-013) (gcc version 7.4.0 (Ubuntu 7.4.0-1ubuntu1~18.04.1)) #92-Ubuntu SMP Fri Feb 28 11:09:48 UTC 2020 (Ubuntu 4.15.0-91.92-generic 4.15.18)
[    0.000000] Command line: BOOT_IMAGE=/boot/vmlinuz-4.15.0-91-generic root=UUID=e48d13b7-639c-4bfa-8c99-0ce40e0faa05 ro console=tty1 console=ttyS0
[    0.000000] KERNEL supported cpus:
[    0.000000]   Intel GenuineIntel
[    0.000000]   AMD AuthenticAMD
[    0.000000]   Centaur CentaurHauls
[    0.000000] x86/fpu: Supporting XSAVE feature 0x001: 'x87 floating point registers'
[    0.000000] x86/fpu: Supporting XSAVE feature 0x002: 'SSE registers'
[    0.000000] x86/fpu: Supporting XSAVE feature 0x004: 'AVX registers'
[    0.000000] x86/fpu: xstate_offset[2]:  576, xstate_sizes[2]:  256
[    0.000000] x86/fpu: Enabled xstate features 0x7, context size is 832 bytes, using 'standard' format.
[    0.000000] e820: BIOS-provided physical RAM map:
[    0.000000] BIOS-e820: [mem 0x0000000000000000-0x000000000009fbff] usable
[    0.000000] BIOS-e820: [mem 0x000000000009fc00-0x000000000009ffff] reserved
[    0.000000] BIOS-e820: [mem 0x00000000000f0000-0x00000000000fffff] reserved
[    0.000000] BIOS-e820: [mem 0x0000000000100000-0x000000005ffeffff] usable
[    0.000000] BIOS-e820: [mem 0x000000005fff0000-0x000000005fffffff] ACPI data
[    0.000000] BIOS-e820: [mem 0x00000000fec00000-0x00000000fec00fff] reserved
[    0.000000] BIOS-e820: [mem 0x00000000fee00000-0x00000000fee00fff] reserved
[    0.000000] BIOS-e820: [mem 0x00000000fffc0000-0x00000000ffffffff] reserved
[    0.000000] NX (Execute Disable) protection: active
[    0.000000] SMBIOS 2.5 present.
[    0.000000] DMI: innotek GmbH VirtualBox/VirtualBox, BIOS VirtualBox 12/01/2006
[    0.000000] Hypervisor detected: KVM
[    0.000000] e820: last_pfn = 0x5fff0 max_arch_pfn = 0x400000000
[    0.000000] MTRR: Disabled
[    0.000000] x86/PAT: MTRRs disabled, skipping PAT initialization too.
[    0.000000] CPU MTRRs all blank - virtualized system.
[    0.000000] x86/PAT: Configuration [0-7]: WB  WT  UC- UC  WB  WT  UC- UC  
[    0.000000] found SMP MP-table at [mem 0x0009fff0-0x0009ffff]
[    0.000000] Scanning 1 areas for low memory corruption
[    0.000000] RAMDISK: [mem 0x35961000-0x36ca7fff]
[    0.000000] ACPI: Early table checksum verification disabled
[    0.000000] ACPI: RSDP 0x00000000000E0000 000024 (v02 VBOX  )
[    0.000000] ACPI: XSDT 0x000000005FFF0030 00003C (v01 VBOX   VBOXXSDT 00000001 ASL  00000061)
[    0.000000] ACPI: FACP 0x000000005FFF00F0 0000F4 (v04 VBOX   VBOXFACP 00000001 ASL  00000061)
[    0.000000] ACPI: DSDT 0x000000005FFF0470 0022EA (v02 VBOX   VBOXBIOS 00000002 INTL 20100528)
[    0.000000] ACPI: FACS 0x000000005FFF0200 000040
[    0.000000] ACPI: FACS 0x000000005FFF0200 000040
[    0.000000] ACPI: APIC 0x000000005FFF0240 00005C (v02 VBOX   VBOXAPIC 00000001 ASL  00000061)
[    0.000000] ACPI: SSDT 0x000000005FFF02A0 0001CC (v01 VBOX   VBOXCPUT 00000002 INTL 20100528)
[    0.000000] No NUMA configuration found
[    0.000000] Faking a node at [mem 0x0000000000000000-0x000000005ffeffff]
[    0.000000] NODE_DATA(0) allocated [mem 0x5ffc5000-0x5ffeffff]
[    0.000000] kvm-clock: cpu 0, msr 0:5ff44001, primary cpu clock
[    0.000000] kvm-clock: Using msrs 4b564d01 and 4b564d00
[    0.000000] kvm-clock: using sched offset of 4154252068 cycles
[    0.000000] clocksource: kvm-clock: mask: 0xffffffffffffffff max_cycles: 0x1cd42e4dffb, max_idle_ns: 881590591483 ns
[    0.000000] Zone ranges:
[    0.000000]   DMA      [mem 0x0000000000001000-0x0000000000ffffff]
[    0.000000]   DMA32    [mem 0x0000000001000000-0x000000005ffeffff]
[    0.000000]   Normal   empty
[    0.000000]   Device   empty
[    0.000000] Movable zone start for each node
[    0.000000] Early memory node ranges
[    0.000000]   node   0: [mem 0x0000000000001000-0x000000000009efff]
[    0.000000]   node   0: [mem 0x0000000000100000-0x000000005ffeffff]
[    0.000000] Reserved but unavailable: 98 pages
[    0.000000] Initmem setup node 0 [mem 0x0000000000001000-0x000000005ffeffff]
[    0.000000] ACPI: PM-Timer IO Port: 0x4008
[    0.000000] IOAPIC[0]: apic_id 2, version 32, address 0xfec00000, GSI 0-23
[    0.000000] ACPI: INT_SRC_OVR (bus 0 bus_irq 0 global_irq 2 dfl dfl)
[    0.000000] ACPI: INT_SRC_OVR (bus 0 bus_irq 9 global_irq 9 low level)
[    0.000000] Using ACPI (MADT) for SMP configuration information
[    0.000000] smpboot: Allowing 2 CPUs, 0 hotplug CPUs
[    0.000000] PM: Registered nosave memory: [mem 0x00000000-0x00000fff]
[    0.000000] PM: Registered nosave memory: [mem 0x0009f000-0x0009ffff]
[    0.000000] PM: Registered nosave memory: [mem 0x000a0000-0x000effff]
[    0.000000] PM: Registered nosave memory: [mem 0x000f0000-0x000fffff]
[    0.000000] e820: [mem 0x60000000-0xfebfffff] available for PCI devices
[    0.000000] Booting paravirtualized kernel on KVM
[    0.000000] clocksource: refined-jiffies: mask: 0xffffffff max_cycles: 0xffffffff, max_idle_ns: 7645519600211568 ns
[    0.000000] random: get_random_bytes called from start_kernel+0x99/0x4fd with crng_init=0
[    0.000000] setup_percpu: NR_CPUS:8192 nr_cpumask_bits:2 nr_cpu_ids:2 nr_node_ids:1
[    0.000000] percpu: Embedded 45 pages/cpu s147456 r8192 d28672 u1048576
[    0.000000] PV qspinlock hash table entries: 256 (order: 0, 4096 bytes)
[    0.000000] Built 1 zonelists, mobility grouping on.  Total pages: 386937
[    0.000000] Policy zone: DMA32
[    0.000000] Kernel command line: BOOT_IMAGE=/boot/vmlinuz-4.15.0-91-generic root=UUID=e48d13b7-639c-4bfa-8c99-0ce40e0faa05 ro console=tty1 console=ttyS0
[    0.000000] Memory: 1498624K/1572408K available (12300K kernel code, 2481K rwdata, 4264K rodata, 2432K init, 2712K bss, 73784K reserved, 0K cma-reserved)
[    0.000000] SLUB: HWalign=64, Order=0-3, MinObjects=0, CPUs=2, Nodes=1
[    0.000000] Kernel/User page tables isolation: enabled
[    0.000000] ftrace: allocating 39347 entries in 154 pages
[    0.004000] Hierarchical RCU implementation.
[    0.004000] 	RCU restricting CPUs from NR_CPUS=8192 to nr_cpu_ids=2.
[    0.004000] 	Tasks RCU enabled.
[    0.004000] RCU: Adjusting geometry for rcu_fanout_leaf=16, nr_cpu_ids=2
[    0.004000] NR_IRQS: 524544, nr_irqs: 440, preallocated irqs: 16
[    0.004000] Console: colour VGA+ 80x25
[    0.004000] console [tty1] enabled
[    0.004000] console [ttyS0] enabled
[    0.004000] ACPI: Core revision 20170831
[    0.004000] ACPI: 2 ACPI AML tables successfully acquired and loaded
[    0.004000] APIC: Switch to symmetric I/O mode setup
[    0.004000] x2apic enabled
[    0.004000] Switched APIC routing to physical x2apic.
[    0.005219] ..TIMER: vector=0x30 apic1=0 pin1=2 apic2=-1 pin2=-1
[    0.008005] tsc: Detected 2495.998 MHz processor
[    0.012011] Calibrating delay loop (skipped) preset value.. 4991.99 BogoMIPS (lpj=9983992)
[    0.014360] pid_max: default: 32768 minimum: 301
[    0.016243] Security Framework initialized
[    0.020009] Yama: becoming mindful.
[    0.024044] AppArmor: AppArmor initialized
[    0.026741] Dentry cache hash table entries: 262144 (order: 9, 2097152 bytes)
[    0.029230] Inode-cache hash table entries: 131072 (order: 8, 1048576 bytes)
[    0.032064] Mount-cache hash table entries: 4096 (order: 3, 32768 bytes)
[    0.035012] Mountpoint-cache hash table entries: 4096 (order: 3, 32768 bytes)
[    0.036223] Last level iTLB entries: 4KB 64, 2MB 8, 4MB 8
[    0.037245] Last level dTLB entries: 4KB 64, 2MB 0, 4MB 0, 1GB 4
[    0.040006] Spectre V1 : Mitigation: usercopy/swapgs barriers and __user pointer sanitization
[    0.042543] Spectre V2 : Mitigation: Full generic retpoline
[    0.044002] Spectre V2 : Spectre v2 / SpectreRSB mitigation: Filling RSB on context switch
[    0.045475] Speculative Store Bypass: Vulnerable
[    0.046352] MDS: Vulnerable: Clear CPU buffers attempted, no microcode
[    0.048296] Freeing SMP alternatives memory: 36K
[    0.160516] smpboot: CPU0: Intel(R) Core(TM) i7-7660U CPU @ 2.50GHz (family: 0x6, model: 0x8e, stepping: 0x9)
[    0.164074] Performance Events: unsupported p6 CPU model 142 no PMU driver, software events only.
[    0.168172] Hierarchical SRCU implementation.
[    0.173107] NMI watchdog: Perf event create on CPU 0 failed with -2
[    0.176009] NMI watchdog: Perf NMI watchdog permanently disabled
[    0.180089] smp: Bringing up secondary CPUs ...
[    0.184111] x86: Booting SMP configuration:
[    0.185208] .... node  #0, CPUs:      #1
[    0.004000] kvm-clock: cpu 1, msr 0:5ff44041, secondary cpu clock
[    0.191025] smp: Brought up 1 node, 2 CPUs
[    0.192007] smpboot: Max logical packages: 1
[    0.193122] smpboot: Total of 2 processors activated (9983.99 BogoMIPS)
[    0.196143] devtmpfs: initialized
[    0.200052] x86/mm: Memory block size: 128MB
[    0.201688] evm: security.selinux
[    0.204006] evm: security.SMACK64
[    0.204839] evm: security.SMACK64EXEC
[    0.205922] evm: security.SMACK64TRANSMUTE
[    0.208009] evm: security.SMACK64MMAP
[    0.209048] evm: security.apparmor
[    0.212006] evm: security.ima
[    0.216005] evm: security.capability
[    0.217245] clocksource: jiffies: mask: 0xffffffff max_cycles: 0xffffffff, max_idle_ns: 7645041785100000 ns
[    0.220012] futex hash table entries: 512 (order: 3, 32768 bytes)
[    0.224057] pinctrl core: initialized pinctrl subsystem
[    0.225091] RTC time:  1:25:52, date: 03/29/20
[    0.226038] NET: Registered protocol family 16
[    0.226953] audit: initializing netlink subsys (disabled)
[    0.228044] audit: type=2000 audit(1585445158.586:1): state=initialized audit_enabled=0 res=1
[    0.228133] cpuidle: using governor ladder
[    0.232014] cpuidle: using governor menu
[    0.233679] ACPI: bus type PCI registered
[    0.235025] acpiphp: ACPI Hot Plug PCI Controller Driver version: 0.5
[    0.236160] PCI: Using configuration type 1 for base access
[    0.245345] HugeTLB registered 2.00 MiB page size, pre-allocated 0 pages
[    0.245679] ACPI: Added _OSI(Module Device)
[    0.248002] ACPI: Added _OSI(Processor Device)
[    0.248807] ACPI: Added _OSI(3.0 _SCP Extensions)
[    0.249653] ACPI: Added _OSI(Processor Aggregator Device)
[    0.250611] ACPI: Added _OSI(Linux-Dell-Video)
[    0.252003] ACPI: Added _OSI(Linux-Lenovo-NV-HDMI-Audio)
[    0.252987] ACPI: Added _OSI(Linux-HPI-Hybrid-Graphics)
[    0.254329] ACPI: Executed 1 blocks of module-level executable AML code
[    0.258768] ACPI: Interpreter enabled
[    0.259951] ACPI: (supports S0 S5)
[    0.260004] ACPI: Using IOAPIC for interrupt routing
[    0.261202] PCI: Using host bridge windows from ACPI; if necessary, use "pci=nocrs" and report a bug
[    0.264185] ACPI: Enabled 2 GPEs in block 00 to 07
[    0.270760] ACPI: PCI Root Bridge [PCI0] (domain 0000 [bus 00-ff])
[    0.272006] acpi PNP0A03:00: _OSC: OS supports [ASPM ClockPM Segments MSI]
[    0.273563] acpi PNP0A03:00: _OSC: not requesting OS control; OS requires [ExtendedConfig ASPM ClockPM MSI]
[    0.276019] acpi PNP0A03:00: fail to add MMCONFIG information, can't access extended PCI configuration space under this bridge.
[    0.280412] PCI host bridge to bus 0000:00
[    0.281166] pci_bus 0000:00: root bus resource [io  0x0000-0x0cf7 window]
[    0.284005] pci_bus 0000:00: root bus resource [io  0x0d00-0xffff window]
[    0.285608] pci_bus 0000:00: root bus resource [mem 0x000a0000-0x000bffff window]
[    0.286956] pci_bus 0000:00: root bus resource [mem 0x60000000-0xfdffffff window]
[    0.288007] pci_bus 0000:00: root bus resource [bus 00-ff]
[    0.301376] pci 0000:00:01.1: legacy IDE quirk: reg 0x10: [io  0x01f0-0x01f7]
[    0.304007] pci 0000:00:01.1: legacy IDE quirk: reg 0x14: [io  0x03f6]
[    0.305765] pci 0000:00:01.1: legacy IDE quirk: reg 0x18: [io  0x0170-0x0177]
[    0.308007] pci 0000:00:01.1: legacy IDE quirk: reg 0x1c: [io  0x0376]
[    0.328938] pci 0000:00:07.0: quirk: [io  0x4000-0x403f] claimed by PIIX4 ACPI
[    0.332000] pci 0000:00:07.0: quirk: [io  0x4100-0x410f] claimed by PIIX4 SMB
[    0.344059] ACPI: PCI Interrupt Link [LNKA] (IRQs 5 9 10 *11)
[    0.352528] ACPI: PCI Interrupt Link [LNKB] (IRQs 5 9 *10 11)
[    0.356230] ACPI: PCI Interrupt Link [LNKC] (IRQs 5 *9 10 11)
[    0.358559] ACPI: PCI Interrupt Link [LNKD] (IRQs 5 9 10 *11)
[    0.360393] SCSI subsystem initialized
[    0.364129] pci 0000:00:02.0: vgaarb: setting as boot VGA device
[    0.368000] pci 0000:00:02.0: vgaarb: VGA device added: decodes=io+mem,owns=io+mem,locks=none
[    0.368044] pci 0000:00:02.0: vgaarb: bridge control possible
[    0.372006] vgaarb: loaded
[    0.372747] ACPI: bus type USB registered
[    0.376039] usbcore: registered new interface driver usbfs
[    0.380021] usbcore: registered new interface driver hub
[    0.384087] usbcore: registered new device driver usb
[    0.392024] EDAC MC: Ver: 3.0.0
[    0.394619] PCI: Using ACPI for IRQ routing
[    0.401647] NetLabel: Initializing
[    0.404052] NetLabel:  domain hash size = 128
[    0.408005] NetLabel:  protocols = UNLABELED CIPSOv4 CALIPSO
[    0.412056] NetLabel:  unlabeled traffic allowed by default
[    0.420432] clocksource: Switched to clocksource kvm-clock
[    0.448443] VFS: Disk quotas dquot_6.6.0
[    0.450314] VFS: Dquot-cache hash table entries: 512 (order 0, 4096 bytes)
[    0.453079] AppArmor: AppArmor Filesystem Enabled
[    0.454343] pnp: PnP ACPI init
[    0.456604] pnp: PnP ACPI: found 3 devices
[    0.468361] clocksource: acpi_pm: mask: 0xffffff max_cycles: 0xffffff, max_idle_ns: 2085701024 ns
[    0.470348] NET: Registered protocol family 2
[    0.471745] TCP established hash table entries: 16384 (order: 5, 131072 bytes)
[    0.473222] TCP bind hash table entries: 16384 (order: 6, 262144 bytes)
[    0.474488] TCP: Hash tables configured (established 16384 bind 16384)
[    0.477194] UDP hash table entries: 1024 (order: 3, 32768 bytes)
[    0.478819] UDP-Lite hash table entries: 1024 (order: 3, 32768 bytes)
[    0.481017] NET: Registered protocol family 1
[    0.482266] pci 0000:00:00.0: Limiting direct PCI/PCI transfers
[    0.483702] pci 0000:00:01.0: Activating ISA DMA hang workarounds
[    0.485674] pci 0000:00:02.0: Video device with shadowed ROM at [mem 0x000c0000-0x000dffff]
[    0.487906] Unpacking initramfs...
[    0.855962] Freeing initrd memory: 19740K
[    0.862933] clocksource: tsc: mask: 0xffffffffffffffff max_cycles: 0x23fa754787d, max_idle_ns: 440795210092 ns
[    0.868099] platform rtc_cmos: registered platform RTC device (no PNP device found)
[    0.872917] Scanning for low memory corruption every 60 seconds
[    0.877599] Initialise system trusted keyrings
[    0.878990] Key type blacklist registered
[    0.880620] workingset: timestamp_bits=36 max_order=19 bucket_order=0
[    0.883340] zbud: loaded
[    0.889418] squashfs: version 4.0 (2009/01/31) Phillip Lougher
[    0.891536] fuse init (API version 7.26)
[    0.895190] Key type asymmetric registered
[    0.896556] Asymmetric key parser 'x509' registered
[    0.898191] Block layer SCSI generic (bsg) driver version 0.4 loaded (major 246)
[    0.902204] io scheduler noop registered
[    0.903207] io scheduler deadline registered
[    0.904429] io scheduler cfq registered (default)
[    0.908013] ACPI: AC Adapter [AC] (off-line)
[    0.910592] input: Power Button as /devices/LNXSYSTM:00/LNXPWRBN:00/input/input0
[    0.914011] ACPI: Power Button [PWRF]
[    0.915042] input: Sleep Button as /devices/LNXSYSTM:00/LNXSLPBN:00/input/input1
[    0.918381] ACPI: Sleep Button [SLPF]
[    0.924321] Serial: 8250/16550 driver, 32 ports, IRQ sharing enabled
 	
 !"#$%&'()*+,-./0123456789:;<=>?@ABCDEFGHIJKLMNOPQRSTUVWXYZ[_`abcdefghijklmnopqrstuvwxyz{|}~€‚ƒ„…†‡¤¥¦§¨©ª«¬­®¯°±²³´µ¶·¸¹º»¼½¾¿ÕÖ×ØÙÚÛÜÝÞßàáâãäåðñòóôõö÷øùúûüýþÿ[    0.927169] ACPI: Battery Slot [BAT0] (battery present)
[    0.951425] 00:02: ttyS0 at I/O 0x3f8 (irq = 4, base_baud = 115200) is a 16550A
[    0.969423] Linux agpgart interface v0.103
[    0.977229] loop: module loaded
[    0.980120] scsi host0: ata_piix
[    0.981780] scsi host1: ata_piix
[    0.984257] ata1: PATA max UDMA/33 cmd 0x1f0 ctl 0x3f6 bmdma 0xd000 irq 14
[    0.985917] ata2: PATA max UDMA/33 cmd 0x170 ctl 0x376 bmdma 0xd008 irq 15
[    0.988316] libphy: Fixed MDIO Bus: probed
[    0.991074] tun: Universal TUN/TAP device driver, 1.6
[    0.997991] PPP generic driver version 2.4.2
[    0.999471] ehci_hcd: USB 2.0 'Enhanced' Host Controller (EHCI) Driver
[    1.002751] ehci-pci: EHCI PCI platform driver
[    1.005845] ehci-platform: EHCI generic platform driver
[    1.018761] ohci_hcd: USB 1.1 'Open' Host Controller (OHCI) Driver
[    1.035833] ohci-pci: OHCI PCI platform driver
[    1.037717] ohci-platform: OHCI generic platform driver
[    1.039925] uhci_hcd: USB Universal Host Controller Interface driver
[    1.046732] i8042: PNP: PS/2 Controller [PNP0303:PS2K,PNP0f03:PS2M] at 0x60,0x64 irq 1,12
[    1.053423] serio: i8042 KBD port at 0x60,0x64 irq 1
[    1.055989] serio: i8042 AUX port at 0x60,0x64 irq 12
[    1.057474] mousedev: PS/2 mouse device common for all mice
[    1.060518] input: AT Translated Set 2 keyboard as /devices/platform/i8042/serio0/input/input2
[    1.068346] rtc_cmos rtc_cmos: rtc core: registered rtc_cmos as rtc0
[    1.072556] rtc_cmos rtc_cmos: alarms up to one day, 114 bytes nvram
[    1.074420] i2c /dev entries driver
[    1.075361] device-mapper: uevent: version 1.0.3
[    1.076748] device-mapper: ioctl: 4.37.0-ioctl (2017-09-20) initialised: dm-devel@redhat.com
[    1.082679] ledtrig-cpu: registered to indicate activity on CPUs
[    1.102532] NET: Registered protocol family 10
[    1.112204] Segment Routing with IPv6
[    1.113215] NET: Registered protocol family 17
[    1.114669] Key type dns_resolver registered
[    1.138281] mce: Using 0 MCE banks
[    1.140650] RAS: Correctable Errors collector initialized.
[    1.142814] sched_clock: Marking stable (1140625632, 0)->(1533850993, -393225361)
[    1.156104] registered taskstats version 1
[    1.159937] Loading compiled-in X.509 certificates
[    1.166744] Loaded X.509 cert 'Build time autogenerated kernel key: d019e8c5f4cbc828f6af43369f65a014a3a68371'
[    1.169305] zswap: loaded using pool lzo/zbud
[    1.175349] Key type big_key registered
[    1.178901] Key type trusted registered
[    1.182335] Key type encrypted registered
[    1.183349] AppArmor: AppArmor sha1 policy hashing enabled
[    1.184762] ima: No TPM chip found, activating TPM-bypass! (rc=-19)
[    1.197035] ima: Allocated hash algorithm: sha1
[    1.198662] evm: HMAC attrs: 0x1
[    1.203266]   Magic number: 12:637:408
[    1.214600] rtc_cmos rtc_cmos: setting system clock to 2020-03-29 01:25:53 UTC (1585445153)
[    1.220507] BIOS EDD facility v0.16 2004-Jun-25, 0 devices found
[    1.223664] EDD information not available.
[    1.229080] Freeing unused kernel image memory: 2432K
[    1.252471] Write protecting the kernel read-only data: 20480k
[    1.256918] Freeing unused kernel image memory: 2008K
[    1.258757] Freeing unused kernel image memory: 1880K
[    1.270446] x86/mm: Checked W+X mappings: passed, no W+X pages found.
[    1.273491] x86/mm: Checking user space page tables
[    1.284649] x86/mm: Checked W+X mappings: passed, no W+X pages found.
Loading, please wait...
starting version 237
[    1.377903] e1000: Intel(R) PRO/1000 Network Driver - version 7.3.21-k8-NAPI
[    1.386446] e1000: Copyright (c) 1999-2006 Intel Corporation.
[    1.389710] Fusion MPT base driver 3.04.20
[    1.391511] Copyright (c) 1999-2008 LSI Corporation
[    1.406051] Fusion MPT SPI Host driver 3.04.20
[    1.435665] AVX2 version of gcm_enc/dec engaged.
[    1.436902] AES CTR mode by8 optimization enabled
[    1.647139] input: ImExPS/2 Generic Explorer Mouse as /devices/platform/i8042/serio1/input/input4
[    2.021893] e1000 0000:00:03.0 eth0: (PCI:33MHz:32-bit) 02:b7:91:53:ac:49
[    2.023827] e1000 0000:00:03.0 eth0: Intel(R) PRO/1000 Network Connection
[    2.026687] e1000 0000:00:03.0 enp0s3: renamed from eth0
[    2.027763] mptbase: ioc0: Initiating bringup
[    2.128378] ioc0: LSI53C1030 A0: Capabilities={Initiator}
[    2.388681] scsi host2: ioc0: LSI53C1030 A0, FwRev=00000000h, Ports=1, MaxQ=256, IRQ=20
[    2.557318] scsi 2:0:0:0: Direct-Access     VBOX     HARDDISK         1.0  PQ: 0 ANSI: 5
[    2.890005] scsi target2:0:0: Beginning Domain Validation
[    2.894092] scsi target2:0:0: Domain Validation skipping write tests
[    2.895531] scsi target2:0:0: Ending Domain Validation
[    2.896978] scsi target2:0:0: asynchronous
[    2.904068] scsi 2:0:1:0: Direct-Access     VBOX     HARDDISK         1.0  PQ: 0 ANSI: 5
[    3.418857] scsi target2:0:1: Beginning Domain Validation
[    3.421211] random: fast init done
[    3.422680] scsi target2:0:1: Domain Validation skipping write tests
[    3.424533] scsi target2:0:1: Ending Domain Validation
[    3.426152] scsi target2:0:1: asynchronous
[    3.430307] random: systemd-udevd: uninitialized urandom read (16 bytes read)
[    3.432625] random: systemd-udevd: uninitialized urandom read (16 bytes read)
[    3.437838] random: systemd-udevd: uninitialized urandom read (16 bytes read)
[    3.439927] sd 2:0:0:0: Attached scsi generic sg0 type 0
[    3.442440] sd 2:0:0:0: [sda] 20971520 512-byte logical blocks: (10.7 GB/10.0 GiB)
[    3.443032] sd 2:0:1:0: [sdb] 20480 512-byte logical blocks: (10.5 MB/10.0 MiB)
[    3.448164] sd 2:0:1:0: Attached scsi generic sg1 type 0
[    3.448215] sd 2:0:0:0: [sda] Write Protect is off
[    3.452810] sd 2:0:1:0: [sdb] Write Protect is off
[    3.454740] sd 2:0:1:0: [sdb] Incomplete mode parameter data
[    3.456450] sd 2:0:1:0: [sdb] Assuming drive cache: write through
[    3.458706] sd 2:0:0:0: [sda] Incomplete mode parameter data
[    3.460684] sd 2:0:0:0: [sda] Assuming drive cache: write through
[    3.464856]  sda: sda1
[    3.465999] sd 2:0:1:0: [sdb] Attached SCSI disk
[    3.467503] sd 2:0:0:0: [sda] Attached SCSI disk
Begin: Loading essential drivers ... [    4.912586] raid6: sse2x1   gen() 10619 MB/s
[    4.960228] raid6: sse2x1   xor()  7375 MB/s
[    5.008187] raid6: sse2x2   gen()  3806 MB/s
[    5.060099] raid6: sse2x2   xor()  6062 MB/s
[    5.108318] raid6: sse2x4   gen() 16707 MB/s
[    5.156275] raid6: sse2x4   xor() 10951 MB/s
[    5.204648] raid6: avx2x1   gen() 25977 MB/s
[    5.252083] raid6: avx2x1   xor() 15312 MB/s
[    5.312613] raid6: avx2x2   gen() 25221 MB/s
[    5.361500] raid6: avx2x2   xor() 11045 MB/s
[    5.408587] raid6: avx2x4   gen() 31939 MB/s
[    5.456490] raid6: avx2x4   xor() 20535 MB/s
[    5.459021] raid6: using algorithm avx2x4 gen() 31939 MB/s
[    5.462233] raid6: .... xor() 20535 MB/s, rmw enabled
[    5.464390] raid6: using avx2x2 recovery algorithm
[    5.469771] xor: automatically using best checksumming function   avx       
[    5.472979] async_tx: api initialized (async)
done.
Begin: Running /scripts/init-premount ... done.
Begin: Mounting root file system ... Begin: Running /scripts/local-top ... done.
Begin: Running /scripts/local-premount ... [    5.526760] Btrfs loaded, crc32c=crc32c-intel
Scanning for Btrfs filesystems
done.
Warning: fsck not present, so skipping root file system
[    5.564093] EXT4-fs (sda1): INFO: recovery required on readonly filesystem
[    5.566047] EXT4-fs (sda1): write access will be enabled during recovery
[    5.638152] EXT4-fs (sda1): orphan cleanup on readonly fs
[    5.643454] EXT4-fs (sda1): 9 orphan inodes deleted
[    5.646229] EXT4-fs (sda1): recovery complete
[    5.653734] EXT4-fs (sda1): mounted filesystem with ordered data mode. Opts: (null)
done.
Begin: Running /scripts/local-bottom ... done.
Begin: Running /scripts/init-bottom ... done.
[    5.863017] ip_tables: (C) 2000-2006 Netfilter Core Team
[    5.877157] systemd[1]: systemd 237 running in system mode. (+PAM +AUDIT +SELINUX +IMA +APPARMOR +SMACK +SYSVINIT +UTMP +LIBCRYPTSETUP +GCRYPT +GNUTLS +ACL +XZ +LZ4 +SECCOMP +BLKID +ELFUTILS +KMOD -IDN2 +IDN -PCRE2 default-hierarchy=hybrid)
[    5.881649] systemd[1]: Detected virtualization oracle.
[    5.883323] systemd[1]: Detected architecture x86-64.

Welcome to [1mUbuntu 18.04.2 LTS[0m!

[    5.889095] systemd[1]: Set hostname to <ubuntu-bionic>.
[    6.238951] systemd[1]: Started Forward Password Requests to Wall Directory Watch.
[[0;32m  OK  [0m] Started Forward Password Requests to Wall Directory Watch.
[    6.242081] systemd[1]: Set up automount Arbitrary Executable File Formats File System Automount Point.
[[0;32m  OK  [0m] Set up automount Arbitrary Executabâ€¦rmats File System Automount Point.
[    6.247028] systemd[1]: Created slice User and Session Slice.
[[0;32m  OK  [0m] Created slice User and Session Slice.
[    6.249571] systemd[1]: Created slice System Slice.
[[0;32m  OK  [0m] Created slice System Slice.
[    6.251766] systemd[1]: Listening on Device-mapper event daemon FIFOs.
[[0;32m  OK  [0m] Listening on Device-mapper event daemon FIFOs.
[    6.254139] systemd[1]: Listening on Journal Audit Socket.
[[0;32m  OK  [0m] Listening on Journal Audit Socket.
[[0;32m  OK  [0m] Listening on Syslog Socket.
[[0;32m  OK  [0m] Listening on Network Service Netlink Socket.
[[0;32m  OK  [0m] Reached target Slices.
[[0;32m  OK  [0m] Listening on udev Kernel Socket.
[[0;32m  OK  [0m] Created slice system-serial\x2dgetty.slice.
[[0;32m  OK  [0m] Listening on udev Control Socket.
[[0;32m  OK  [0m] Listening on LVM2 poll daemon socket.
[[0;32m  OK  [0m] Listening on LVM2 metadata daemon socket.
[[0;32m  OK  [0m] Reached target System Time Synchronized.
[[0;32m  OK  [0m] Listening on Journal Socket.
         Starting Uncomplicated firewall...
         Starting udev Coldplug all Devices...
         Starting Remount Root and Kernel File Systems...
         Starting Load Kernel Modules...
         Mounting Kernel Debug File System...
         Starting Monitoring of LVM2 mirrorsâ€¦ng dmeventd or progress polling...
         Mounting POSIX Message Queue File System...
         Starting Set the console keyboard layout...
[    6.330725] Loading iSCSI transport class v2.0-870.
[    6.337225] iscsi: registered transport (tcp)
[    6.356277] iscsi: registered transport (iser)
[[0;32m  OK  [0m] Listening on Journal Socket (/dev/log).
[[    6.408731] EXT4-fs (sda1): re-mounted. Opts: (null)
[0;32m  OK  [0m] Reached target Swap.
         Mounting Huge Pages File System...
         Starting Create list of required stâ€¦ce nodes for the current kernel...
[[0;32m  OK  [0m] Reached target User and Group Name Lookups.
         Starting Journal Service...
[[0;32m  OK  [0m] Listening on /dev/initctl Compatibility Named Pipe.
[[0;32m  OK  [0m] Created slice system-postgresql.slice.
[[0;32m  OK  [0m] Started Uncomplicated firewall.
[[0;32m  OK  [0m] Started Remount Root and Kernel File Systems.
[[0;32m  OK  [0m] Started Load Kernel Modules.
[[0;32m  OK  [0m] Mounted Kernel Debug File System.
[[0;32m  OK  [0m] Mounted POSIX Message Queue File System.
[[0;32m  OK  [0m] Mounted Huge Pages File System.
[[0;32m  OK  [0m] Started Create list of required staâ€¦vice nodes for the current kernel.
[[0;32m  OK  [0m] Started LVM2 metadata daemon.
         Starting Create Static Device Nodes in /dev...
         Mounting Kernel Configuration File System...
         Mounting FUSE Control File System...
         Starting Apply Kernel Variables...
         Starting Load/Save Random Seed...
         Starting Initial cloud-init job (pre-networking)...
[[0;32m  OK  [0m] Started Journal Service.
[[0;32m  OK  [0m] Started Monitoring of LVM2 mirrors,â€¦sing dmeventd or progress polling.
[[0;32m  OK  [0m] Started udev Coldplug all Devices.
[[0;32m  OK  [0m] Mounted Kernel Configuration File System.
[[0;32m  OK  [0m] Mounted FUSE Control File System.
[[0;32m  OK  [0m] Started Apply Kernel Variables.
[[0;32m  OK  [0m] Started Load/Save Random Seed.
         Starting Flush Journal to Persistent Storage...
[[0;32m  OK  [0m] Started Create Static Device Nodes in /dev.
         Starting udev Kernel Device Manager...
[[0;32m  OK  [0m] Started Set the console keyboard layout.
[[0;32m  OK  [0m] Reached target Local File Systems (Pre).
[[0;32m  OK  [0m] Reached target Local File Systems.
         Starting Tell Plymouth To Write Out Runtime Data...
         Starting ebtables ruleset management...
         Starting Set console font and keymap...
         Starting AppArmor initialization...
         Mounting Mount unit for core, revision 8268...
         Mounting Mount unit for core, revision 8689...
         Mounting Mount unit for heroku, revision 3881...
         Mounting Mount unit for heroku, revision 3870...
[[0;32m  OK  [0m] Started udev Kernel Device Manager.
[[0;32m  OK  [0m] Started Tell Plymouth To Write Out Runtime Data.
[[0;32m  OK  [0m] Started Set console font and keymap.
[[0;32m  OK  [0m] Started Dispatch Password Requests to Console Directory Watch.
[[0;32m  OK  [0m] Reached target Local Encrypted Volumes.
[[0;32m  OK  [0m] Mounted Mount unit for heroku, revision 3881.
[[0;32m  OK  [0m] Mounted Mount unit for heroku, revision 3870.
[[0;32m  OK  [0m] Mounted Mount unit for core, revision 8268.
[[0;32m  OK  [0m] Started ebtables ruleset management.
[[0;32m  OK  [0m] Mounted Mount unit for core, revision 8689.
[[0;32m  OK  [0m] Found device /dev/ttyS0.
[[0;32m  OK  [0m] Listening on Load/Save RF Kill Switch Status /dev/rfkill Watch.
[[0;32m  OK  [0m] Started Flush Journal to Persistent Storage.
         Starting Create Volatile Files and Directories...
[[0;32m  OK  [0m] Started Create Volatile Files and Directories.
         Starting Update UTMP about System Boot/Shutdown...
[[0;32m  OK  [0m] Started Update UTMP about System Boot/Shutdown.
[[0;32m  OK  [0m] Started AppArmor initialization.
[    8.379474] cloud-init[424]: Cloud-init v. 18.5-45-g3554ffe8-0ubuntu1~18.04.1 running 'init-local' at Sun, 29 Mar 2020 01:26:00 +0000. Up 8.10 seconds.
[[0;32m  OK  [0m] Started Initial cloud-init job (pre-networking).
[[0;32m  OK  [0m] Reached target Network (Pre).
         Starting Network Service...
[[0;32m  OK  [0m] Started Network Service.
         Starting Wait for Network to be Configured...
         Starting Network Name Resolution...
[[0;32m  OK  [0m] Started Network Name Resolution.
[[0;32m  OK  [0m] Reached target Host and Network Name Lookups.
[[0;32m  OK  [0m] Reached target Network.
[[0;32m  OK  [0m] Started Wait for Network to be Configured.
         Starting Initial cloud-init job (metadata service crawler)...
[   10.781542] cloud-init[723]: Cloud-init v. 18.5-45-g3554ffe8-0ubuntu1~18.04.1 running 'init' at Sun, 29 Mar 2020 01:26:02 +0000. Up 10.67 seconds.
[   10.784183] cloud-init[723]: ci-info: ++++++++++++++++++++++++++++++++++++++Net device info++++++++++++++++++++++++++++++++++++++
[   10.786124] cloud-init[723]: ci-info: +--------+------+----------------------------+---------------+--------+-------------------+
[   10.788239] cloud-init[723]: ci-info: | Device |  Up  |          Address           |      Mask     | Scope  |     Hw-Address    |
[   10.790326] cloud-init[723]: ci-info: +--------+------+----------------------------+---------------+--------+-------------------+
[   10.792549] cloud-init[723]: ci-info: | enp0s3 | True |         10.0.2.15          | 255.255.255.0 | global | 02:b7:91:53:ac:49 |
[   10.794741] cloud-init[723]: ci-info: | enp0s3 | True | fe80::b7:91ff:fe53:ac49/64 |       .       |  link  | 02:b7:91:53:ac:49 |
[   10.796470] cloud-init[723]: ci-info: |   lo   | True |         127.0.0.1          |   255.0.0.0   |  host  |         .         |
[   10.798414] cloud-init[723]: ci-info: |   lo   | True |          ::1/128           |       .       |  host  |         .         |
[   10.800306] cloud-init[723]: ci-info: +--------+------+----------------------------+---------------+--------+-------------------+
[   10.802262] cloud-init[723]: ci-info: ++++++++++++++++++++++++++++Route IPv4 info+++++++++++++++++++++++++++++
[   10.803843] cloud-init[723]: ci-info: +-------+-------------+----------+-----------------+-----------+-------+
[   10.805365] cloud-init[723]: ci-info: | Route | Destination | Gateway  |     Genmask     | Interface | Flags |
[   10.807036] cloud-init[723]: ci-info: +-------+-------------+----------+-----------------+-----------+-------+
[   10.809199] cloud-init[723]: ci-info: |   0   |   0.0.0.0   | 10.0.2.2 |     0.0.0.0     |   enp0s3  |   UG  |
[   10.811336] cloud-init[723]: ci-info: |   1   |   10.0.2.0  | 0.0.0.0  |  255.255.255.0  |   enp0s3  |   U   |
[   10.814015] cloud-init[723]: ci-info: |   2   |   10.0.2.2  | 0.0.0.0  | 255.255.255.255 |   enp0s3  |   UH  |
[   10.816283] cloud-init[723]: ci-info: +-------+-------------+----------+-----------------+-----------+-------+
[   10.817884] cloud-init[723]: ci-info: +++++++++++++++++++Route IPv6 info+++++++++++++++++++
[   10.819166] cloud-init[723]: ci-info: +-------+-------------+---------+-----------+-------+
[   10.822624] cloud-init[723]: ci-info: | Route | Destination | Gateway | Interface | Flags |
[   10.824380] cloud-init[723]: ci-info: +-------+-------------+---------+-----------+-------+
[   10.825642] cloud-init[723]: ci-info: |   1   |  fe80::/64  |    ::   |   enp0s3  |   U   |
[   10.826697] cloud-init[723]: ci-info: |   3   |    local    |    ::   |   enp0s3  |   U   |
[   10.836325] cloud-init[723]: ci-info: |   4   |   ff00::/8  |    ::   |   enp0s3  |   U   |
[   10.838273] cloud-init[723]: ci-info: +-------+-------------+---------+-----------+-------+
[[0;32m  OK  [0m] Started Initial cloud-init job (metadata service crawler).
[[0;32m  OK  [0m] Reached target System Initialization.
[[0;32m  OK  [0m] Started ACPI Events Check.
[[0;32m  OK  [0m] Listening on Open-iSCSI iscsid Socket.
[[0;32m  OK  [0m] Listening on D-Bus System Message Bus Socket.
         Starting LXD - unix socket.
[[0;32m  OK  [0m] Listening on UUID daemon activation socket.
[[0;32m  OK  [0m] Listening on ACPID Listen Socket.
[[0;32m  OK  [0m] Started Daily apt download activities.
[[0;32m  OK  [0m] Started Discard unused blocks once a week.
[[0;32m  OK  [0m] Started Daily apt upgrade and clean activities.
[[0;32m  OK  [0m] Started Message of the Day.
[[0;32m  OK  [0m] Reached target Paths.
         Starting Socket activation for snappy daemon.
[[0;32m  OK  [0m] Started Daily Cleanup of Temporary Directories.
[[0;32m  OK  [0m] Reached target Timers.
[[0;32m  OK  [0m] Reached target Network is Online.
[[0;32m  OK  [0m] Reached target Remote File Systems (Pre).
[[0;32m  OK  [0m] Reached target Remote File Systems.
         Starting Availability of block devices...
[[0;32m  OK  [0m] Reached target Cloud-config availability.
[[0;32m  OK  [0m] Listening on LXD - unix socket.
[[0;32m  OK  [0m] Listening on Socket activation for snappy daemon.
[[0;32m  OK  [0m] Started Availability of block devices.
[[0;32m  OK  [0m] Reached target Sockets.
[[0;32m  OK  [0m] Reached target Basic System.
         Starting LSB: automatic crash report generation...
         Starting System Logging Service...
         Starting Accounts Service...
         Starting LSB: Record successful boot for GRUB...
[[0;32m  OK  [0m] Started Regular background program processing daemon.
         Starting PostgreSQL Cluster 9.5-main...
         Starting MySQL Community Server...
         Starting vboxadd.service...
[[0;32m  OK  [0m] Started FUSE filesystem for LXC.
[[0;32m  OK  [0m] Started irqbalance daemon.
         Starting Dispatcher daemon for systemd-networkd...
         Starting OpenBSD Secure Shell server...
         Starting Resets System Activity Data Collector...
         Starting Login Service...
[[0;32m  OK  [0m] Started D-Bus System Message Bus.
         Starting Snappy daemon...
         Starting Permit User Sessions...
[[0;32m  OK  [0m] Started Deferred execution scheduler.
         Starting LXD - container startup/shutdown...
[[0;32m  OK  [0m] Started System Logging Service.
[[0;32m  OK  [0m] Started Resets System Activity Data Collector.
[[0;32m  OK  [0m] Started OpenBSD Secure Shell server.
[[0;32m  OK  [0m] Started Login Service.
[[0;32m  OK  [0m] Started Unattended Upgrades Shutdown.
[[0;32m  OK  [0m] Started Permit User Sessions.
         Starting Hold until boot process finishes up...
         Starting Terminate Plymouth Boot Screen...
[[0;32m  OK  [0m] Started Hold until boot process finishes up.
         Starting Set console scheme...
[[0;32m  OK  [0m] Started Serial Getty on ttyS0.
[[0;32m  OK  [0m] Started Terminate Plymouth Boot Screen.
[[0;32m  OK  [0m] Started Set console scheme.
[[0;32m  OK  [0m] Created slice system-getty.slice.
[[0;32m  OK  [0m] Started Getty on tty1.
[[0;32m  OK  [0m] Reached target Login Prompts.
         Starting Authorization Manager...
[[0;32m  OK  [0m] Started Authorization Manager.
[[0;32m  OK  [0m] Started Accounts Service.
[[0;32m  OK  [0m] Started LSB: automatic crash report generation.
[[0;32m  OK  [0m] Started LSB: Record successful boot for GRUB.
[[0;32m  OK  [0m] Created slice User Slice of vagrant.
[[0;32m  OK  [0m] Started LXD - container startup/shutdown.
[[0;32m  OK  [0m] Started Session 1 of user vagrant.
         Starting User Manager for UID 1000...
[[0;32m  OK  [0m] Started Dispatcher daemon for systemd-networkd.
[[0;32m  OK  [0m] Started User Manager for UID 1000.
[[0;32m  OK  [0m] Started vboxadd.service.
         Starting vboxadd-service.service...
[[0;32m  OK  [0m] Started MySQL Community Server.
[[0;32m  OK  [0m] Started Snappy daemon.
         Starting Wait until snapd is fully seeded...
[[0;32m  OK  [0m] Started Wait until snapd is fully seeded.
         Starting Apply the settings specified in cloud-config...
[[0;32m  OK  [0m] Started vboxadd-service.service.
[   15.328585] cloud-init[1337]: Cloud-init v. 18.5-45-g3554ffe8-0ubuntu1~18.04.1 running 'modules:config' at Sun, 29 Mar 2020 01:26:07 +0000. Up 15.14 seconds.
[[0;32m  OK  [0m] Started Apply the settings specified in cloud-config.
[[0;32m  OK  [0m] Started PostgreSQL Cluster 9.5-main.
         Starting PostgreSQL RDBMS...
[[0;32m  OK  [0m] Started PostgreSQL RDBMS.
[[0;32m  OK  [0m] Reached target Multi-User System.
[[0;32m  OK  [0m] Reached target Graphical Interface.
         Starting Update UTMP about System Runlevel Changes...
         Starting Execute cloud user/final scripts...
[[0;32m  OK  [0m] Started Update UTMP about System Runlevel Changes.
[   17.069874] cloud-init[1602]: Cloud-init v. 18.5-45-g3554ffe8-0ubuntu1~18.04.1 running 'modules:final' at Sun, 29 Mar 2020 01:26:09 +0000. Up 16.89 seconds.
[   17.069985] cloud-init[1602]: Cloud-init v. 18.5-45-g3554ffe8-0ubuntu1~18.04.1 finished at Sun, 29 Mar 2020 01:26:09 +0000. Datasource DataSourceNoCloud [seed=/dev/sdb][dsmode=net].  Up 17.06 seconds

Ubuntu 18.04.2 LTS ubuntu-bionic ttyS0

ubuntu-bionic login: 